==================================================================
= Multi Theft Auto: San Andreas v1.6
==================================================================
= Server name      : Map Editor Server
= Server IP address: auto
= Server port      : 22010
= 
= Log file         : ..rver/mods/deathmatch/logs/editor_server.log
= Maximum players  : 1
= HTTP port        : 22011
= Voice Chat       : Disabled
= Bandwidth saving : None
==================================================================
[2026-01-01 16:21:54] Resource 'acpanel' requests some acl rights. Use the command 'aclrequest list acpanel'
[2026-01-01 16:22:32] ERROR: Problem with resource: runcode; Failed to link to ajax
[2026-01-01 16:22:32] Resources: 195 loaded, 1 failed
[2026-01-01 16:22:32] Starting resources...
[2026-01-01 16:22:32] Server minclientversion is now 1.5.9-9.21313.0
[2026-01-01 16:22:32] Server minclientversion is now 1.6.0
[2026-01-01 16:22:33] Server started and is ready to accept connections!
[2026-01-01 16:22:33] To stop the server, type 'shutdown' or press Ctrl-C
[2026-01-01 16:22:33] Type 'help' for a list of commands.
[2026-01-01 16:22:33] ERROR: Problem with resource: runcode; Failed to link to ajax
[2026-01-01 16:22:33] CONNECT: IncredibleModel36 connected (IP: 127.0.0.1  Serial: F70602109C7C8A77235B7ACFCB4A1DB4  Version: 1.6.0-9.23667.0)
[2026-01-01 16:22:34] JOIN: IncredibleModel36 joined the game (IP: 127.0.0.1)
==================================================================
= Multi Theft Auto: San Andreas v1.6
==================================================================
= Server name      : Map Editor Server
= Server IP address: auto
= Server port      : 22010
= 
= Log file         : ..rver/mods/deathmatch/logs/editor_server.log
= Maximum players  : 1
= HTTP port        : 22011
= Voice Chat       : Disabled
= Bandwidth saving : None
==================================================================
[2026-01-02 09:58:34] Resource 'acpanel' requests some acl rights. Use the command 'aclrequest list acpanel'
[2026-01-02 09:59:14] ERROR: Problem with resource: runcode; Failed to link to ajax
[2026-01-02 09:59:14] Resources: 196 loaded, 1 failed
[2026-01-02 09:59:14] Starting resources...
[2026-01-02 09:59:14] Server minclientversion is now 1.5.9-9.21313.0
[2026-01-02 09:59:14] Server minclientversion is now 1.6.0
[2026-01-02 09:59:15] Server started and is ready to accept connections!
[2026-01-02 09:59:15] To stop the server, type 'shutdown' or press Ctrl-C
[2026-01-02 09:59:15] Type 'help' for a list of commands.
[2026-01-02 09:59:15] ERROR: Problem with resource: runcode; Failed to link to ajax
[2026-01-02 09:59:16] CONNECT: IncredibleModel36 connected (IP: 127.0.0.1  Serial: F70602109C7C8A77235B7ACFCB4A1DB4  Version: 1.6.0-9.23667.0)
==================================================================
= Multi Theft Auto: San Andreas v1.6
==================================================================
= Server name      : Map Editor Server
= Server IP address: auto
= Server port      : 22010
= 
= Log file         : ..rver/mods/deathmatch/logs/editor_server.log
= Maximum players  : 1
= HTTP port        : 22011
= Voice Chat       : Disabled
= Bandwidth saving : None
==================================================================
[2026-01-02 09:59:47] Resource 'acpanel' requests some acl rights. Use the command 'aclrequest list acpanel'
[2026-01-02 09:59:48] ERROR: Problem with resource: runcode; Failed to link to ajax
[2026-01-02 09:59:48] Resources: 196 loaded, 1 failed
[2026-01-02 09:59:48] Starting resources...
[2026-01-02 09:59:49] Server minclientversion is now 1.5.9-9.21313.0
[2026-01-02 09:59:49] Server minclientversion is now 1.6.0
[2026-01-02 09:59:49] Server started and is ready to accept connections!
[2026-01-02 09:59:49] To stop the server, type 'shutdown' or press Ctrl-C
[2026-01-02 09:59:49] Type 'help' for a list of commands.
[2026-01-02 09:59:49] ERROR: Problem with resource: runcode; Failed to link to ajax
[2026-01-02 09:59:50] CONNECT: IncredibleModel36 connected (IP: 127.0.0.1  Serial: F70602109C7C8A77235B7ACFCB4A1DB4  Version: 1.6.0-9.23667.0)
[2026-01-02 09:59:51] JOIN: IncredibleModel36 joined the game (IP: 127.0.0.1)
==================================================================
= Multi Theft Auto: San Andreas v1.6
==================================================================
= Server name      : Map Editor Server
= Server IP address: auto
= Server port      : 22010
= 
= Log file         : ..rver/mods/deathmatch/logs/editor_server.log
= Maximum players  : 1
= HTTP port        : 22011
= Voice Chat       : Disabled
= Bandwidth saving : None
==================================================================
[2026-01-02 11:12:00] Resource 'acpanel' requests some acl rights. Use the command 'aclrequest list acpanel'
[2026-01-02 11:12:29] ERROR: Problem with resource: runcode; Failed to link to ajax
[2026-01-02 11:12:29] Resources: 198 loaded, 1 failed
[2026-01-02 11:12:29] Starting resources...
[2026-01-02 11:12:30] Server minclientversion is now 1.5.9-9.21313.0
[2026-01-02 11:12:31] Server minclientversion is now 1.6.0
[2026-01-02 11:12:31] Server started and is ready to accept connections!
[2026-01-02 11:12:31] To stop the server, type 'shutdown' or press Ctrl-C
[2026-01-02 11:12:31] Type 'help' for a list of commands.
[2026-01-02 11:12:31] ERROR: Problem with resource: runcode; Failed to link to ajax
[2026-01-02 11:12:35] CONNECT: IncredibleModel36 connected (IP: 127.0.0.1  Serial: F70602109C7C8A77235B7ACFCB4A1DB4  Version: 1.6.0-9.23667.0)
[2026-01-02 11:12:37] JOIN: IncredibleModel36 joined the game (IP: 127.0.0.1)
[2026-01-02 13:00:58] QUIT: IncredibleModel36 left the game [Quit] 
[2026-01-02 13:00:59] Server stopped!
[2026-01-02 13:00:59] Stopping resources...........
[2026-01-02 13:00:59] Closing SQLite3 database
