{"action":27,"origin":"ac1","date":"2026-09-19T14:55:41","phones":[],"objects":[],"characters":[],"vehicles":[],"interiors":[],"accounts":[1],"content":"Connected from 10.88.189.21 - 54EE70D5533DB72874D75A9A0F404FA1","factions":[]}
{"action":27,"origin":"ac1","date":"2026-09-19T14:55:49","phones":[],"objects":[],"characters":[1],"vehicles":[],"interiors":[],"accounts":[1],"content":"Spawned","factions":[]}
{"action":4,"origin":"ch1","date":"2026-09-19T14:55:58","phones":[],"objects":[],"characters":[1],"vehicles":[],"interiors":[],"accounts":[],"content":"FREECAM","factions":[]}
{"action":4,"origin":"ch1","date":"2026-09-19T14:56:32","phones":[],"objects":[],"characters":[1],"vehicles":[],"interiors":[],"accounts":[],"content":"FREECAM","factions":[]}
{"action":4,"origin":"ch1","date":"2026-09-19T14:56:50","phones":[],"objects":[],"characters":[1],"vehicles":[],"interiors":[],"accounts":[],"content":"FREECAM","factions":[]}
{"action":4,"origin":"ch1","date":"2026-09-19T14:56:59","phones":[],"objects":[],"characters":[1],"vehicles":[],"interiors":[],"accounts":[],"content":"FREECAM","factions":[]}
{"action":4,"origin":"ch1","date":"2026-09-19T14:57:48","phones":[],"objects":[],"characters":[1],"vehicles":[],"interiors":[],"accounts":[],"content":"FREECAM","factions":[]}
{"action":4,"origin":"ch1","date":"2026-09-19T14:59:02","phones":[],"objects":[],"characters":[1],"vehicles":[],"interiors":[],"accounts":[],"content":"FREECAM","factions":[]}
{"action":27,"origin":"ac1","date":"2026-09-19T15:02:21","phones":[],"objects":[],"characters":[],"vehicles":[],"interiors":[],"accounts":[1],"content":"Connected from 10.88.189.21 - 54EE70D5533DB72874D75A9A0F404FA1","factions":[]}
{"action":27,"origin":"ac1","date":"2026-09-19T15:02:28","phones":[],"objects":[],"characters":[1],"vehicles":[],"interiors":[],"accounts":[1],"content":"Spawned","factions":[]}
{"action":27,"origin":"ac4","date":"2026-09-19T15:04:40","phones":[],"objects":[],"characters":[],"vehicles":[],"interiors":[],"accounts":[4],"content":"Connected from 10.88.239.145 - 9E9A8E3EBB8B3E9F6430D51131F4FDB2","factions":[]}
{"action":27,"origin":"ac4","date":"2026-09-19T15:04:48","phones":[],"objects":[],"characters":[4],"vehicles":[],"interiors":[],"accounts":[4],"content":"Spawned","factions":[]}
{"action":4,"origin":"ch1","date":"2026-09-19T15:04:50","phones":[],"objects":[],"characters":[1],"vehicles":[],"interiors":[],"accounts":[],"content":"FREECAM","factions":[]}
{"action":34,"origin":"ch1","date":"2026-09-19T15:05:16","phones":[],"objects":[],"characters":[1],"vehicles":[],"interiors":[],"accounts":[],"content":" died","factions":[]}
{"action":4,"origin":"ch1","date":"2026-09-19T15:05:23","phones":[],"objects":[],"characters":[1],"vehicles":[],"interiors":[],"accounts":[],"content":"REVIVED from PK","factions":[]}
{"action":27,"origin":"ac4","date":"2026-09-19T15:08:02","phones":[],"objects":[],"characters":[4],"vehicles":[],"interiors":[],"accounts":[4],"content":"Disconnected (Quit) (Name: Javad_Salarie)","factions":[]}
{"action":27,"origin":"ac4","date":"2026-09-19T15:08:39","phones":[],"objects":[],"characters":[],"vehicles":[],"interiors":[],"accounts":[4],"content":"Connected from 10.88.239.145 - 9E9A8E3EBB8B3E9F6430D51131F4FDB2","factions":[]}
{"action":27,"origin":"ac4","date":"2026-09-19T15:08:46","phones":[],"objects":[],"characters":[4],"vehicles":[],"interiors":[],"accounts":[4],"content":"Spawned","factions":[]}
{"action":4,"origin":"ch4","date":"2026-09-19T15:09:46","phones":[],"objects":[],"characters":[4],"vehicles":[],"interiors":[],"accounts":[],"content":"SET INTO FACTION LEADER","factions":[1]}
{"action":4,"origin":"ch4","date":"2026-09-19T15:10:05","phones":[],"objects":[],"characters":[4],"vehicles":[],"interiors":[],"accounts":[],"content":"SET INTO FACTION LEADER","factions":[2]}
{"action":27,"origin":"ac4","date":"2026-09-19T15:13:07","phones":[],"objects":[],"characters":[4],"vehicles":[],"interiors":[],"accounts":[4],"content":"Disconnected (Quit) (Name: Javad_Salarie)","factions":[]}
{"action":27,"origin":"ac4","date":"2026-09-19T15:13:30","phones":[],"objects":[],"characters":[],"vehicles":[],"interiors":[],"accounts":[4],"content":"Connected from 10.88.239.145 - 9E9A8E3EBB8B3E9F6430D51131F4FDB2","factions":[]}
{"action":27,"origin":"ac4","date":"2026-09-19T15:13:38","phones":[],"objects":[],"characters":[4],"vehicles":[],"interiors":[],"accounts":[4],"content":"Spawned","factions":[]}
{"action":31,"origin":"ch4","date":"2026-09-19T15:13:45","phones":[],"objects":[],"characters":[4],"vehicles":[],"interiors":[1],"accounts":[],"content":"ENTERED","factions":[]}
{"action":37,"origin":"ch4","date":"2026-09-19T15:13:45","phones":[],"objects":[],"characters":[],"vehicles":[],"interiors":[1],"accounts":[],"content":"gotohouse","factions":[]}
{"action":31,"origin":"ch4","date":"2026-09-19T15:13:46","phones":[],"objects":[],"characters":[4],"vehicles":[],"interiors":[1],"accounts":[],"content":"ENTERED","factions":[]}
{"action":37,"origin":"ch4","date":"2026-09-19T15:13:46","phones":[],"objects":[],"characters":[],"vehicles":[],"interiors":[1],"accounts":[],"content":"gotohouse","factions":[]}
{"action":31,"origin":"ch4","date":"2026-09-19T15:13:47","phones":[],"objects":[],"characters":[4],"vehicles":[],"interiors":[1],"accounts":[],"content":"ENTERED","factions":[]}
{"action":37,"origin":"ch4","date":"2026-09-19T15:13:47","phones":[],"objects":[],"characters":[],"vehicles":[],"interiors":[1],"accounts":[],"content":"gotohouse","factions":[]}
{"action":37,"origin":"ch4","date":"2026-09-19T15:13:52","phones":[],"objects":[],"characters":[],"vehicles":[],"interiors":[1],"accounts":[],"content":"DELETEINTERIOR 1","factions":[]}
{"action":7,"origin":"ch4","date":"2026-09-19T15:14:10","phones":[],"objects":[],"characters":[4],"vehicles":[],"interiors":[],"accounts":[],"content":"English: T","factions":[]}
{"action":37,"origin":"ch4","date":"2026-09-19T15:14:54","phones":[],"objects":[],"characters":[],"vehicles":[],"interiors":[2],"accounts":[],"content":"ADDINTERIOR T:2 I:1 C:33","factions":[]}
{"action":37,"origin":"ch4","date":"2026-09-19T15:14:56","phones":[],"objects":[],"characters":[],"vehicles":[],"interiors":[3],"accounts":[],"content":"ADDINTERIOR T:2 I:1 C:33","factions":[]}
{"action":37,"origin":"ch4","date":"2026-09-19T15:14:57","phones":[],"objects":[],"characters":[],"vehicles":[],"interiors":[4],"accounts":[],"content":"ADDINTERIOR T:2 I:1 C:33","factions":[]}
{"action":37,"origin":"ch4","date":"2026-09-19T15:14:57","phones":[],"objects":[],"characters":[],"vehicles":[],"interiors":[5],"accounts":[],"content":"ADDINTERIOR T:2 I:1 C:33","factions":[]}
{"action":37,"origin":"ch4","date":"2026-09-19T15:14:58","phones":[],"objects":[],"characters":[],"vehicles":[],"interiors":[6],"accounts":[],"content":"ADDINTERIOR T:2 I:1 C:33","factions":[]}
{"action":31,"origin":"ch4","date":"2026-09-19T15:15:07","phones":[],"objects":[],"characters":[4],"vehicles":[],"interiors":[6],"accounts":[],"content":"ENTERED","factions":[]}
{"action":37,"origin":"ch4","date":"2026-09-19T15:15:07","phones":[],"objects":[],"characters":[],"vehicles":[],"interiors":[6],"accounts":[],"content":"gotohouse","factions":[]}
{"action":31,"origin":"ch4","date":"2026-09-19T15:15:08","phones":[],"objects":[],"characters":[4],"vehicles":[],"interiors":[2],"accounts":[],"content":"ENTERED","factions":[]}
{"action":37,"origin":"ch4","date":"2026-09-19T15:15:08","phones":[],"objects":[],"characters":[],"vehicles":[],"interiors":[2],"accounts":[],"content":"gotohouse","factions":[]}
{"action":31,"origin":"ch4","date":"2026-09-19T15:15:09","phones":[],"objects":[],"characters":[4],"vehicles":[],"interiors":[4],"accounts":[],"content":"ENTERED","factions":[]}
{"action":37,"origin":"ch4","date":"2026-09-19T15:15:09","phones":[],"objects":[],"characters":[],"vehicles":[],"interiors":[4],"accounts":[],"content":"gotohouse","factions":[]}
{"action":37,"origin":"ch4","date":"2026-09-19T15:15:27","phones":[],"objects":[],"characters":[],"vehicles":[],"interiors":[6],"accounts":[],"content":"DELETEINTERIOR 6","factions":[]}
{"action":37,"origin":"ch4","date":"2026-09-19T15:15:47","phones":[],"objects":[],"characters":[],"vehicles":[],"interiors":[3],"accounts":[],"content":"DELETEINTERIOR 3","factions":[]}
{"action":37,"origin":"ch4","date":"2026-09-19T15:15:49","phones":[],"objects":[],"characters":[],"vehicles":[],"interiors":[4],"accounts":[],"content":"DELETEINTERIOR 4","factions":[]}
{"action":37,"origin":"ch4","date":"2026-09-19T15:15:52","phones":[],"objects":[],"characters":[],"vehicles":[],"interiors":[5],"accounts":[],"content":"DELETEINTERIOR 5","factions":[]}
{"action":37,"origin":"ch4","date":"2026-09-19T15:15:55","phones":[],"objects":[],"characters":[],"vehicles":[],"interiors":[2],"accounts":[],"content":"DELETEINTERIOR 2","factions":[]}
{"action":37,"origin":"ch4","date":"2026-09-19T15:16:06","phones":[],"objects":[],"characters":[],"vehicles":[],"interiors":[7],"accounts":[],"content":"ADDINTERIOR T:2 I:1 C:33","factions":[]}
{"action":37,"origin":"ch4","date":"2026-09-19T15:16:07","phones":[],"objects":[],"characters":[],"vehicles":[],"interiors":[8],"accounts":[],"content":"ADDINTERIOR T:2 I:1 C:33","factions":[]}
{"action":37,"origin":"ch4","date":"2026-09-19T15:16:08","phones":[],"objects":[],"characters":[],"vehicles":[],"interiors":[9],"accounts":[],"content":"ADDINTERIOR T:2 I:1 C:33","factions":[]}
{"action":37,"origin":"ch4","date":"2026-09-19T15:16:08","phones":[],"objects":[],"characters":[],"vehicles":[],"interiors":[10],"accounts":[],"content":"ADDINTERIOR T:2 I:1 C:33","factions":[]}
{"action":37,"origin":"ch4","date":"2026-09-19T15:16:29","phones":[],"objects":[],"characters":[],"vehicles":[],"interiors":[10],"accounts":[],"content":"DELETEINTERIOR 10","factions":[]}
{"action":37,"origin":"ch4","date":"2026-09-19T15:16:31","phones":[],"objects":[],"characters":[],"vehicles":[],"interiors":[9],"accounts":[],"content":"DELETEINTERIOR 9","factions":[]}
{"action":37,"origin":"ch4","date":"2026-09-19T15:16:34","phones":[],"objects":[],"characters":[],"vehicles":[],"interiors":[7],"accounts":[],"content":"DELETEINTERIOR 7","factions":[]}
{"action":37,"origin":"ch4","date":"2026-09-19T15:16:36","phones":[],"objects":[],"characters":[],"vehicles":[],"interiors":[8],"accounts":[],"content":"DELETEINTERIOR 8","factions":[]}
{"action":37,"origin":"ch4","date":"2026-09-19T15:18:29","phones":[],"objects":[],"characters":[],"vehicles":[],"interiors":[11],"accounts":[],"content":"ADDINTERIOR T:2 I:1 C:33","factions":[]}
{"action":37,"origin":"ch4","date":"2026-09-19T15:18:29","phones":[],"objects":[],"characters":[],"vehicles":[],"interiors":[12],"accounts":[],"content":"ADDINTERIOR T:2 I:1 C:33","factions":[]}
{"action":37,"origin":"ch4","date":"2026-09-19T15:18:29","phones":[],"objects":[],"characters":[],"vehicles":[],"interiors":[13],"accounts":[],"content":"ADDINTERIOR T:2 I:1 C:33","factions":[]}
{"action":37,"origin":"ch4","date":"2026-09-19T15:18:30","phones":[],"objects":[],"characters":[],"vehicles":[],"interiors":[14],"accounts":[],"content":"ADDINTERIOR T:2 I:1 C:33","factions":[]}
{"action":37,"origin":"ch4","date":"2026-09-19T15:18:37","phones":[],"objects":[],"characters":[],"vehicles":[],"interiors":[12],"accounts":[],"content":"DELETEINTERIOR 12","factions":[]}
{"action":37,"origin":"ch4","date":"2026-09-19T15:18:38","phones":[],"objects":[],"characters":[],"vehicles":[],"interiors":[14],"accounts":[],"content":"DELETEINTERIOR 14","factions":[]}
{"action":37,"origin":"ch4","date":"2026-09-19T15:18:40","phones":[],"objects":[],"characters":[],"vehicles":[],"interiors":[11],"accounts":[],"content":"DELETEINTERIOR 11","factions":[]}
{"action":37,"origin":"ch4","date":"2026-09-19T15:19:49","phones":[],"objects":[],"characters":[],"vehicles":[],"interiors":[13],"accounts":[],"content":"DELETEINTERIOR 13","factions":[]}
{"action":6,"origin":"ch1","date":"2026-09-19T15:30:07","phones":[],"objects":[],"characters":[1],"vehicles":[],"interiors":[],"accounts":[],"content":"VEH 3 created with ID -1","factions":[]}
{"action":4,"origin":"ch4","date":"2026-09-19T15:33:24","phones":[],"objects":[],"characters":[4],"vehicles":[],"interiors":[],"accounts":[],"content":"TAKEITEM 134 500","factions":[]}
{"action":4,"origin":"ch4","date":"2026-09-19T15:33:29","phones":[],"objects":[],"characters":[4],"vehicles":[],"interiors":[],"accounts":[],"content":"TAKEITEM 134 500","factions":[]}
{"action":4,"origin":"ch4","date":"2026-09-19T15:33:30","phones":[],"objects":[],"characters":[4],"vehicles":[],"interiors":[],"accounts":[],"content":"TAKEITEM 152 Javad_Salarie;Male;January 1st, 2010;477DA9F2A2717C9DCDABADBE85CCFF0B","factions":[]}
{"action":4,"origin":"ch4","date":"2026-09-19T15:33:33","phones":[],"objects":[],"characters":[4],"vehicles":[],"interiors":[],"accounts":[],"content":"TAKEITEM 152 Javad_Salarie;Male;January 1st, 2010;477DA9F2A2717C9DCDABADBE85CCFF0B","factions":[]}
{"action":27,"origin":"ac4","date":"2026-09-19T15:35:25","phones":[],"objects":[],"characters":[4],"vehicles":[],"interiors":[],"accounts":[4],"content":"Disconnected (Timed out) (Name: Javad_Salarie)","factions":[]}
{"action":27,"origin":"ac4","date":"2026-09-19T16:01:34","phones":[],"objects":[],"characters":[],"vehicles":[],"interiors":[],"accounts":[4],"content":"Connected from 10.88.239.145 - 9E9A8E3EBB8B3E9F6430D51131F4FDB2","factions":[]}
{"action":27,"origin":"ac4","date":"2026-09-19T16:30:28","phones":[],"objects":[],"characters":[0],"vehicles":[],"interiors":[],"accounts":[4],"content":"Disconnected (Quit) (Name: Owl.Player.8342)","factions":[]}
{"action":4,"origin":"ch1","date":"2026-09-19T17:53:44","phones":[],"objects":[],"characters":[1],"vehicles":[],"interiors":[],"accounts":[],"content":"FREECAM","factions":[]}
{"action":4,"origin":"ch1","date":"2026-09-19T17:54:11","phones":[],"objects":[],"characters":[1],"vehicles":[],"interiors":[],"accounts":[],"content":"FREECAM","factions":[]}
{"action":4,"origin":"ch1","date":"2026-09-19T17:58:10","phones":[],"objects":[],"characters":[1],"vehicles":[],"interiors":[],"accounts":[],"content":"FREECAM","factions":[]}
{"action":4,"origin":"ch1","date":"2026-09-19T17:58:12","phones":[],"objects":[],"characters":[1],"vehicles":[],"interiors":[],"accounts":[],"content":"FREECAM","factions":[]}
{"action":4,"origin":"ch1","date":"2026-09-19T17:58:15","phones":[],"objects":[],"characters":[1],"vehicles":[],"interiors":[],"accounts":[],"content":"FREECAM","factions":[]}
{"action":4,"origin":"ch1","date":"2026-09-19T17:58:49","phones":[],"objects":[],"characters":[1],"vehicles":[],"interiors":[],"accounts":[],"content":"SETHP 100","factions":[]}
{"action":40,"origin":"ch1","date":"2026-09-19T17:58:53","phones":[],"objects":[],"characters":[1],"vehicles":[],"interiors":[],"accounts":[],"content":"Aryan Soleymani buckles in their seatbelt.","factions":[]}
{"action":6,"origin":"ch1","date":"2026-09-19T18:00:18","phones":[],"objects":[],"characters":[1],"vehicles":[2],"interiors":[],"accounts":[],"content":"FIXVEH","factions":[]}
{"action":6,"origin":"ch1","date":"2026-09-19T18:02:17","phones":[],"objects":[],"characters":[1],"vehicles":[2],"interiors":[],"accounts":[],"content":"FIXVEH","factions":[]}
