{"action":27,"origin":"ac1","date":"2026-06-22T14:21:34","phones":[],"objects":[],"characters":[],"vehicles":[],"interiors":[],"accounts":[1],"content":"Connected from 169.254.43.232 - 54EE70D5533DB72874D75A9A0F404FA1","factions":[]}
{"action":27,"origin":"ac1","date":"2026-06-22T14:21:42","phones":[],"objects":[],"characters":[1],"vehicles":[],"interiors":[],"accounts":[1],"content":"Spawned","factions":[]}
{"action":6,"origin":"ch1","date":"2026-06-22T14:23:16","phones":[],"objects":[],"characters":[1],"vehicles":[],"interiors":[],"accounts":[],"content":" Created new vehicle #1 in library.","factions":[]}
{"action":7,"origin":"ch1","date":"2026-06-22T14:23:43","phones":[],"objects":[],"characters":[1],"vehicles":[],"interiors":[],"accounts":[],"content":"English: T","factions":[]}
{"action":6,"origin":"ch1","date":"2026-06-22T14:24:09","phones":[],"objects":[],"characters":[],"vehicles":[1],"interiors":[],"accounts":[],"content":"SPAWNVEH 'Landstalker' $0 Aryan_Soleymani","factions":[]}
{"action":40,"origin":"ch1","date":"2026-06-22T14:24:16","phones":[],"objects":[],"characters":[1],"vehicles":[],"interiors":[],"accounts":[],"content":"Aryan Soleymani presses on the key to unlock the vehicle. ((Landstalker))","factions":[]}
{"action":31,"origin":"ch1","date":"2026-06-22T14:24:16","phones":[],"objects":[],"characters":[],"vehicles":[1],"interiors":[],"accounts":[],"content":"UNLOCK FROM OUTSIDE","factions":[]}
{"action":31,"origin":"ch1","date":"2026-06-22T14:24:36","phones":[],"objects":[],"characters":[1],"vehicles":[1],"interiors":[],"accounts":[],"content":"STARTED ENGINE","factions":[]}
{"action":31,"origin":"ch1","date":"2026-06-22T14:24:47","phones":[],"objects":[],"characters":[1],"vehicles":[1],"interiors":[],"accounts":[],"content":"STARTED ENGINE","factions":[]}
{"action":31,"origin":"ch1","date":"2026-06-22T14:24:53","phones":[],"objects":[],"characters":[1],"vehicles":[1],"interiors":[],"accounts":[],"content":"STARTED ENGINE","factions":[]}
{"action":31,"origin":"ch1","date":"2026-06-22T14:24:59","phones":[],"objects":[],"characters":[1],"vehicles":[1],"interiors":[],"accounts":[],"content":"STARTED ENGINE","factions":[]}
{"action":31,"origin":"ch1","date":"2026-06-22T14:25:07","phones":[],"objects":[],"characters":[1],"vehicles":[1],"interiors":[],"accounts":[],"content":"STARTED ENGINE","factions":[]}
{"action":31,"origin":"ch1","date":"2026-06-22T14:25:13","phones":[],"objects":[],"characters":[1],"vehicles":[1],"interiors":[],"accounts":[],"content":"STARTED ENGINE","factions":[]}
{"action":31,"origin":"ch1","date":"2026-06-22T14:25:27","phones":[],"objects":[],"characters":[1],"vehicles":[1],"interiors":[],"accounts":[],"content":"STARTED ENGINE","factions":[]}
{"action":40,"origin":"ch1","date":"2026-06-22T14:25:51","phones":[],"objects":[],"characters":[1],"vehicles":[],"interiors":[],"accounts":[],"content":"Aryan Soleymani takes a Vehicle Key (Landstalker) from the Landstalker.","factions":[]}
{"action":39,"origin":"ch1","date":"2026-06-22T14:25:51","phones":[],"objects":[],"characters":[1],"vehicles":[],"interiors":[],"accounts":[],"content":"Landstalker #1->Aryan_Soleymani - Vehicle Key (Landstalker) - 1","factions":[]}
{"action":31,"origin":"ch1","date":"2026-06-22T14:25:56","phones":[],"objects":[],"characters":[1],"vehicles":[1],"interiors":[],"accounts":[],"content":"STARTED ENGINE","factions":[]}
{"action":40,"origin":"ch1","date":"2026-06-22T14:29:11","phones":[],"objects":[],"characters":[1],"vehicles":[],"interiors":[],"accounts":[],"content":"Aryan Soleymani buckles in their seatbelt.","factions":[]}
{"action":40,"origin":"ch1","date":"2026-06-22T14:32:47","phones":[],"objects":[],"characters":[1],"vehicles":[],"interiors":[],"accounts":[],"content":"Aryan Soleymani unbuckles their seatbelt.","factions":[]}
{"action":27,"origin":"ac1","date":"2026-06-22T14:41:19","phones":[],"objects":[],"characters":[1],"vehicles":[],"interiors":[],"accounts":[1],"content":"Disconnected (Quit) (Name: Aryan_Soleymani)","factions":[]}
{"action":27,"origin":"ac1","date":"2026-06-22T14:41:38","phones":[],"objects":[],"characters":[],"vehicles":[],"interiors":[],"accounts":[1],"content":"Connected from 169.254.43.232 - 54EE70D5533DB72874D75A9A0F404FA1","factions":[]}
{"action":27,"origin":"ac1","date":"2026-06-22T14:42:08","phones":[],"objects":[],"characters":[1],"vehicles":[],"interiors":[],"accounts":[1],"content":"Spawned","factions":[]}
{"action":40,"origin":"ch1","date":"2026-06-22T14:43:03","phones":[],"objects":[],"characters":[1],"vehicles":[],"interiors":[],"accounts":[],"content":"Aryan Soleymani's right leg was hit.","factions":[]}
{"action":40,"origin":"ch1","date":"2026-06-22T14:43:46","phones":[],"objects":[],"characters":[1],"vehicles":[],"interiors":[],"accounts":[],"content":"Aryan Soleymani takes out his Cellphone.","factions":[]}
{"action":27,"origin":"ac1","date":"2026-06-22T16:11:53","phones":[],"objects":[],"characters":[1],"vehicles":[],"interiors":[],"accounts":[1],"content":"Disconnected (Quit) (Name: Aryan_Soleymani)","factions":[]}
